// Jest Snapshot v1, https://goo.gl/fbAQLP

exports[`<ErrorMessage /> matches the snapshot 1`] = `
<div
  class="notification is-danger"
>
  mock-message
</div>
`;
